[template.kendytheme.net/tancho/index.html]
[backblue.gif]
[fade.gif]
[index.html]
[template.kendytheme.net/tancho/css/libs/font-awesome.min.css]
[template.kendytheme.net/tancho/css/styles.css]
[template.kendytheme.net/tancho/css/libs/bootstrap.min.css]
[template.kendytheme.net/tancho/index-2.html]
[template.kendytheme.net/tancho/images/logo-mobile.png]
[template.kendytheme.net/tancho/images/logo-light.png]
[template.kendytheme.net/tancho/images/logo.png]
[template.kendytheme.net/tancho/index-grid.html]
[template.kendytheme.net/tancho/index-grid-1st-large.html]
[template.kendytheme.net/tancho/index-list.html]
[template.kendytheme.net/tancho/index-list-1st-large.html]
[template.kendytheme.net/tancho/about.html]
[template.kendytheme.net/tancho/single.html]
[template.kendytheme.net/tancho/contact.html]
[template.kendytheme.net/tancho/images/posts/1.jpg]
[template.kendytheme.net/tancho/images/posts/2.jpg]
[template.kendytheme.net/tancho/images/posts/3.jpg]
[template.kendytheme.net/tancho/images/posts/4.jpg]
[template.kendytheme.net/tancho/images/posts/5.jpg]
[template.kendytheme.net/tancho/images/posts/6.jpg]
[template.kendytheme.net/tancho/images/posts/7.jpg]
[template.kendytheme.net/tancho/images/posts/8.jpg]
[template.kendytheme.net/tancho/images/posts/9.jpg]
[template.kendytheme.net/tancho/images/instagram/1.jpg]
[template.kendytheme.net/tancho/images/instagram/2.jpg]
[template.kendytheme.net/tancho/images/instagram/3.jpg]
[template.kendytheme.net/tancho/images/instagram/4.jpg]
[template.kendytheme.net/tancho/images/instagram/5.jpg]
[template.kendytheme.net/tancho/images/instagram/6.jpg]
[template.kendytheme.net/tancho/images/instagram/7.jpg]
[template.kendytheme.net/tancho/images/instagram/8.jpg]
[template.kendytheme.net/tancho/images/instagram/9.jpg]
[template.kendytheme.net/tancho/images/instagram/10.jpg]
[template.kendytheme.net/tancho/js/libs/jquery-1.12.4.min.js]
[template.kendytheme.net/tancho/js/libs/masonry.pkgd.min.js]
[template.kendytheme.net/tancho/js/libs/imagesloaded.pkgd.min.js]
[template.kendytheme.net/tancho/index.html]
[template.kendytheme.net/tancho/images/favicon.html]
[template.kendytheme.net/tancho/js/scripts.js]
[template.kendytheme.net/tancho/css/fonts/fontawesome-webfont78ce.eot]
[template.kendytheme.net/tancho/css/fonts/fontawesome-webfontd41d.eot]
[template.kendytheme.net/tancho/css/fonts/fontawesome-webfont78ce.woff]
[template.kendytheme.net/tancho/css/libs/font-awesome.min.css]
[template.kendytheme.net/tancho/css/libs/bootstrap.min.css]
[template.kendytheme.net/tancho/css/styles.css]
[template.kendytheme.net/tancho/index-2.html]
[template.kendytheme.net/tancho/images/posts/10.jpg]
[template.kendytheme.net/tancho/images/posts/11.jpg]
[template.kendytheme.net/tancho/index-grid.html]
[template.kendytheme.net/tancho/index-grid-1st-large.html]
[template.kendytheme.net/tancho/images/posts/12.jpg]
[template.kendytheme.net/tancho/index-list.html]
[template.kendytheme.net/tancho/index-list-1st-large.html]
[template.kendytheme.net/tancho/images/about.jpg]
[template.kendytheme.net/tancho/images/sign.png]
[template.kendytheme.net/tancho/about.html]
[template.kendytheme.net/tancho/images/single.jpg]
[template.kendytheme.net/tancho/images/avatar.jpg]
[template.kendytheme.net/tancho/images/avatar-150px.jpg]
[template.kendytheme.net/tancho/single.html]
[template.kendytheme.net/tancho/images/contact.jpg]
[template.kendytheme.net/tancho/contact.html]
[template.kendytheme.net/tancho/css/fonts/fontawesome-webfont78ce.html]
[template.kendytheme.net/tancho/css/fonts/fontawesome-webfont78ce.svg]
[template.kendytheme.net/tancho/css/fonts/glyphicons-halflings-regular.html]
[template.kendytheme.net/tancho/css/fonts/glyphicons-halflings-regulard41d.html]
[template.kendytheme.net/tancho/css/fonts/glyphicons-halflings-regular-2.html]
[template.kendytheme.net/tancho/css/fonts/glyphicons-halflings-regular-3.html]
[template.kendytheme.net/tancho/css/fonts/glyphicons-halflings-regular-4.html]
[template.kendytheme.net/tancho/css/fonts/glyphicons-halflings-regular-5.html]
